// Jest Snapshot v1, https://jestjs.io/docs/snapshot-testing

exports[`TableHeader — Snapshot Rendering matches snapshot for default header 1`] = `
<div>
  <table>
    <thead
      class="root"
      data-elem="table-header"
    >
      <tr
        data-testid="table-row"
      />
    </thead>
  </table>
</div>
`;
