// Jest Snapshot v1, https://jestjs.io/docs/snapshot-testing

exports[`Step — Snapshot Rendering completed active step snapshot 1`] = `
<div>
  <div
    class="root active completed horizontal"
    data-elem="step"
  >
    <div
      class="left"
    >
      <div
        class="icon-container"
      >
        <span
          class="icon completion-icon active"
          data-testid="tick-icon"
        >
          ✓
        </span>
        <div
          class="progress"
          style="background-image: conic-gradient(#00ff00, 100%, transparent 0%);"
        />
      </div>
    </div>
    <div
      class="right"
    >
      <span
        class="title"
      >
        Step title
      </span>
      <span
        class="description"
      >
        Step description
      </span>
    </div>
  </div>
</div>
`;

exports[`Step — Snapshot Rendering default step snapshot 1`] = `
<div>
  <div
    class="root horizontal"
    data-elem="step"
  >
    <div
      class="left"
    >
      <div
        class="icon-container"
      >
        <span
          class="text"
        >
          1
        </span>
      </div>
    </div>
    <div
      class="right"
    >
      <span
        class="title"
      >
        Step title
      </span>
      <span
        class="description"
      >
        Step description
      </span>
    </div>
  </div>
</div>
`;
