// Jest Snapshot v1, https://jestjs.io/docs/snapshot-testing

exports[`TextField — Snapshot Tests (UI regression protection) matches snapshot for default text field 1`] = `
<div>
  <div
    class="root"
  >
    <label>
      <span
        class=""
      >
        Name
      </span>
      <div
        class="root sm border-radius-none input-wrapper border-default type-text"
        data-elem="base-cell"
      >
        <span
          data-elem="component2"
        >
          <input
            class="md input"
            data-elem="input"
            placeholder=""
            type="text"
            value=""
          />
        </span>
      </div>
    </label>
  </div>
</div>
`;

exports[`TextField — Snapshot Tests (UI regression protection) matches snapshot for password field with feedback 1`] = `
<div>
  <div
    class="root"
  >
    <label>
      <span
        class=""
      >
        Password
      </span>
      <div
        class="root sm border-radius-none input-wrapper border-default type-password feedback-error"
        data-elem="base-cell"
      >
        <span
          data-elem="component1"
        >
          <svg
            class="error"
            fill="none"
            height="1rem"
            viewBox="0 0 24 24"
            width="1rem"
            xmlns="http://www.w3.org/2000/svg"
          >
            <g
              clip-path="url(#clip0_2866_7209)"
            >
              <path
                d="M17 11H7C5.89543 11 5 11.8954 5 13V19C5 20.1046 5.89543 21 7 21H17C18.1046 21 19 20.1046 19 19V13C19 11.8954 18.1046 11 17 11Z"
                stroke="#71839B"
                stroke-linecap="round"
                stroke-linejoin="round"
                stroke-width="1.5"
              />
              <path
                d="M12 17C12.5523 17 13 16.5523 13 16C13 15.4477 12.5523 15 12 15C11.4477 15 11 15.4477 11 16C11 16.5523 11.4477 17 12 17Z"
                stroke="#71839B"
                stroke-linecap="round"
                stroke-linejoin="round"
                stroke-width="1.5"
              />
              <path
                d="M8 11V7C8 5.93913 8.42143 4.92172 9.17157 4.17157C9.92172 3.42143 10.9391 3 12 3C13.0609 3 14.0783 3.42143 14.8284 4.17157C15.5786 4.92172 16 5.93913 16 7V11"
                stroke="#71839B"
                stroke-linecap="round"
                stroke-linejoin="round"
                stroke-width="1.5"
              />
            </g>
            <defs>
              <clippath
                id="clip0_2866_7209"
              >
                <rect
                  fill="white"
                  height="24"
                  width="24"
                />
              </clippath>
            </defs>
          </svg>
        </span>
        <span
          data-elem="component2"
        >
          <input
            class="md input error"
            data-elem="input"
            placeholder=""
            type="password"
            value=""
          />
        </span>
        <span
          data-elem="component3"
        >
          <button
            class="root sm border-radius-default root contained root radius-default contained primary button error"
            data-elem="base-cell"
            data-testid="-test"
            title=""
            type="button"
          >
            <span
              data-elem="component1"
            >
              <svg
                class="icon error"
                fill="none"
                height="1rem"
                viewBox="0 0 24 24"
                width="1rem"
                xmlns="http://www.w3.org/2000/svg"
              >
                <g
                  clip-path="url(#clip0_3118_31)"
                >
                  <path
                    d="M14.12 14.12C13.8454 14.4147 13.5141 14.6512 13.1462 14.8151C12.7782 14.9791 12.3809 15.0673 11.9781 15.0744C11.5753 15.0815 11.1752 15.0074 10.8016 14.8565C10.4281 14.7056 10.0887 14.481 9.80385 14.1962C9.51897 13.9113 9.29439 13.5719 9.14351 13.1984C8.99262 12.8248 8.91853 12.4247 8.92563 12.0219C8.93274 11.6191 9.02091 11.2218 9.18488 10.8538C9.34884 10.4859 9.58525 10.1546 9.88 9.88M1 1L23 23M17.94 17.94C16.2306 19.243 14.1491 19.9649 12 20C5 20 1 12 1 12C2.24389 9.6819 3.96914 7.65661 6.06 6.06L17.94 17.94ZM9.9 4.24C10.5883 4.07888 11.2931 3.99834 12 4C19 4 23 12 23 12C22.393 13.1356 21.6691 14.2047 20.84 15.19L9.9 4.24Z"
                    stroke="#71839B"
                    stroke-linecap="round"
                    stroke-linejoin="round"
                    stroke-width="2"
                  />
                </g>
                <defs>
                  <clippath
                    id="clip0_3118_31"
                  >
                    <rect
                      fill="white"
                      height="24"
                      width="24"
                    />
                  </clippath>
                </defs>
              </svg>
            </span>
            <span
              data-elem="component2"
            >
              <span
                data-elem="title"
              />
            </span>
          </button>
          <span
            class="span error"
          >
            <svg
              class="icon error"
              fill="none"
              height="1.5rem"
              viewBox="0 0 22 22"
              width="1.5rem"
              xmlns="http://www.w3.org/2000/svg"
            >
              <path
                d="M11.001 15.4995H10.991M11.001 12.4995L10.991 6.99951M1.00098 10.9995C1.00098 5.47666 5.47813 0.999512 11.001 0.999512C16.5238 0.999512 21.001 5.47666 21.001 10.9995C21.001 16.5224 16.5238 20.9995 11.001 20.9995C5.47813 20.9995 1.00098 16.5224 1.00098 10.9995Z"
                stroke="#BD3C45"
                stroke-linecap="round"
                stroke-linejoin="round"
                stroke-width="2"
              />
            </svg>
          </span>
        </span>
      </div>
    </label>
  </div>
</div>
`;
